\BOOKMARK [1][-]{section.1}{\376\377\000I\000n\000t\000r\000o\000d\000u\000c\000t\000i\000o\000n}{}% 1
\BOOKMARK [1][-]{section.2}{\376\377\000R\000E\000L\000A\000T\000E\000D\000\040\000W\000O\000R\000K}{}% 2
\BOOKMARK [1][-]{section.3}{\376\377\000S\000Y\000S\000T\000E\000M\000\040\000D\000E\000S\000I\000G\000N}{}% 3
\BOOKMARK [2][-]{subsection.3.1}{\376\377\000S\000y\000s\000t\000e\000m\000\040\000O\000v\000e\000r\000v\000i\000e\000w}{section.3}% 4
\BOOKMARK [2][-]{subsection.3.2}{\376\377\000C\000o\000m\000m\000i\000t\000t\000e\000e\000\040\000S\000e\000l\000e\000c\000t\000i\000o\000n}{section.3}% 5
\BOOKMARK [2][-]{subsection.3.3}{\376\377\000M\000i\000n\000e\000r\000\040\000A\000c\000t\000i\000v\000i\000t\000y\000\040\000S\000c\000o\000r\000e}{section.3}% 6
\BOOKMARK [3][-]{subsubsection.3.3.1}{\376\377\000T\000i\000m\000e\000\040\000W\000i\000n\000d\000o\000w\000\040\000P\000a\000r\000t\000i\000t\000i\000o\000n\000i\000n\000g}{subsection.3.3}% 7
\BOOKMARK [3][-]{subsubsection.3.3.2}{\376\377\000T\000h\000r\000e\000e\000-\000D\000i\000m\000e\000n\000s\000i\000o\000n\000a\000l\000\040\000A\000c\000t\000i\000v\000i\000t\000y\000\040\000M\000e\000t\000r\000i\000c\000s}{subsection.3.3}% 8
\BOOKMARK [3][-]{subsubsection.3.3.3}{\376\377\000S\000m\000a\000r\000t\000-\000C\000o\000n\000t\000r\000a\000c\000t\000\040\000S\000c\000o\000r\000e}{subsection.3.3}% 9
\BOOKMARK [3][-]{subsubsection.3.3.4}{\376\377\000A\000g\000g\000r\000e\000g\000a\000t\000e\000\040\000A\000c\000t\000i\000v\000i\000t\000e\000\040\000S\000c\000o\000r\000e}{subsection.3.3}% 10
\BOOKMARK [2][-]{subsection.3.4}{\376\377\000D\000e\000t\000e\000r\000m\000i\000n\000a\000t\000i\000o\000n\000\040\000o\000f\000\040\000S\000e\000l\000e\000c\000t\000i\000o\000n\000\040\000W\000i\000n\000d\000o\000w}{section.3}% 11
\BOOKMARK [2][-]{subsection.3.5}{\376\377\000P\000a\000r\000t\000i\000t\000i\000o\000n\000i\000n\000g\000\040\000S\000c\000h\000e\000m\000e}{section.3}% 12
\BOOKMARK [3][-]{subsubsection.3.5.1}{\376\377\000P\000r\000o\000b\000l\000e\000m\000\040\000F\000o\000r\000m\000u\000l\000a\000t\000i\000o\000n}{subsection.3.5}% 13
\BOOKMARK [3][-]{subsubsection.3.5.2}{\376\377\000S\000o\000l\000u\000t\000i\000o\000n\000\040\000A\000p\000p\000r\000o\000a\000c\000h}{subsection.3.5}% 14
\BOOKMARK [1][-]{section.4}{\376\377\000I\000M\000P\000L\000E\000M\000E\000N\000T\000A\000T\000I\000O\000N\000\040\000A\000N\000D\000\040\000E\000V\000A\000L\000U\000A\000T\000I\000O\000N}{}% 15
\BOOKMARK [2][-]{subsection.4.1}{\376\377\000E\000x\000p\000e\000r\000i\000m\000e\000n\000t\000a\000l\000\040\000S\000e\000t\000u\000p}{section.4}% 16
\BOOKMARK [2][-]{subsection.4.2}{\376\377\000E\000x\000p\000e\000r\000i\000m\000e\000n\000t\000\040\000R\000e\000s\000u\000l\000t}{section.4}% 17
\BOOKMARK [3][-]{figure.4}{\376\377\000L\000a\000t\000e\000n\000c\000y}{subsection.4.2}% 18
\BOOKMARK [3][-]{figure.6}{\376\377\000T\000h\000r\000o\000u\000g\000h\000p\000u\000t\000\040\000v\000s\000.\000\040\000L\000a\000t\000e\000n\000c\000y}{subsection.4.2}% 19
\BOOKMARK [3][-]{subsubsection.4.2.3}{\376\377\000T\000h\000r\000o\000u\000g\000h\000p\000u\000t}{subsection.4.2}% 20
\BOOKMARK [3][-]{subsubsection.4.2.4}{\376\377\000Q\000u\000e\000u\000e\000\040\000S\000i\000z\000e}{subsection.4.2}% 21
\BOOKMARK [3][-]{subsubsection.4.2.5}{\376\377\000C\000e\000r\000t\000i\000f\000i\000c\000a\000t\000e}{subsection.4.2}% 22
\BOOKMARK [1][-]{section.5}{\376\377\000C\000O\000N\000C\000L\000U\000S\000I\000O\000N}{}% 23
